// Jest Snapshot v1, https://goo.gl/fbAQLP

exports[`renders correctly enzyme 1`] = `
<Fragment>
  <WithStyles(ForwardRef(Container))>
    Page not found
  </WithStyles(ForwardRef(Container))>
</Fragment>
`;
