// Jest Snapshot v1, https://goo.gl/fbAQLP

exports[`App renders correctly enzyme 1`] = `
<Provider
  store={
    Object {
      "dispatch": [Function],
      "getState": [Function],
      "replaceReducer": [Function],
      "subscribe": [Function],
      Symbol(observable): [Function],
    }
  }
>
  <App
    dataSelectorPrefix="ccob"
    history={
      Object {
        "push": [MockFunction],
      }
    }
    isDirty={true}
    match={
      Object {
        "params": Object {},
      }
    }
    setSessionTracking={[MockFunction]}
  >
    <div>
      asdfsd
    </div>
  </App>
</Provider>
`;
